# serializer version: 1
# name: test_constructor_kwargs[AsyncRuneClient]
  list([
    'api_key',
    'model',
    'retry',
    'timeout',
    'headers',
    'transport',
    'http_client',
    'base_url',
  ])
# ---
# name: test_constructor_kwargs[RuneClient]
  list([
    'api_key',
    'model',
    'retry',
    'timeout',
    'headers',
    'transport',
    'http_client',
    'base_url',
  ])
# ---
# name: test_public_members[rune_sdk.constants]
  list([
    'API_KEY_ENV',
    'BASE_URL_ENV',
    'DEFAULT_BASE_URL',
    'DEFAULT_MODEL',
    'DEFAULT_MODEL_ENV',
    'DEFAULT_TIMEOUT',
    'LOG_LEVEL_ENV',
  ])
# ---
# name: test_public_members[rune_sdk]
  list([
    'Answer',
    'AsyncModels',
    'AsyncRuneClient',
    'Choice',
    'ChoiceAnswer',
    'ChoiceModel',
    'DecisionsResponse',
    'ImageInput',
    'ImageURL',
    'JSONContent',
    'JSONValue',
    'ListModelsResponse',
    'ModelMetadata',
    'Models',
    'Noul',
    'NoulAnswer',
    'NoulCriteria',
    'NoulModel',
    'Question',
    'QuestionModel',
    'Questions',
    'RetryPolicy',
    'RuneAPIConnectionError',
    'RuneAPIError',
    'RuneAPIResponseValidationError',
    'RuneAPITimeoutError',
    'RuneAuthenticationError',
    'RuneBadRequestError',
    'RuneClient',
    'RuneError',
    'RuneInternalServerError',
    'RuneNotFoundError',
    'RunePermissionDeniedError',
    'RuneRateLimitError',
    'RuneUnprocessableEntityError',
    'Score',
    'ScoreAnswer',
    'ScoreModel',
    'ThinkingMetadata',
    'Usage',
    'constants',
  ])
# ---
